
Welcome to Gradle 8.13!

Here are the highlights of this release:
 - Daemon JVM auto-provisioning
 - Enhancements for Scala plugin and JUnit testing
 - Improvements for build authors and plugin developers

For more details see https://docs.gradle.org/8.13/release-notes.html

To honour the JVM settings for this build a single-use Daemon process will be forked. For more on this, please refer to https://docs.gradle.org/8.13/userguide/gradle_daemon.html#sec:disabling_the_daemon in the Gradle documentation.
Daemon will be stopped at the end of the build 
This version only understands SDK XML versions up to 3 but an SDK XML file of version 4 was encountered. This can happen if you use versions of Android Studio and the command-line tools that were released at different times.
package.xml parsing problem. unexpected element (uri:"", local:"abis"). Expected elements are <{}vendor>,<{}codename>,<{}base-extension>,<{}abi>,<{}api-level>,<{}extension-level>,<{}tag>
package.xml parsing problem. unexpected element (uri:"", local:"abis"). Expected elements are <{}vendor>,<{}codename>,<{}base-extension>,<{}abi>,<{}api-level>,<{}extension-level>,<{}tag>
Checking the license for package Android SDK Build-Tools 33.0.1 in /Users/dzlob/Library/Android/sdk/licenses
License for package Android SDK Build-Tools 33.0.1 accepted.
Preparing "Install Android SDK Build-Tools 33.0.1 v.33.0.1".
"Install Android SDK Build-Tools 33.0.1 v.33.0.1" ready.
Installing Android SDK Build-Tools 33.0.1 in /Users/dzlob/Library/Android/sdk/build-tools/33.0.1
"Install Android SDK Build-Tools 33.0.1 v.33.0.1" complete.
"Install Android SDK Build-Tools 33.0.1 v.33.0.1" finished.
package.xml parsing problem. unexpected element (uri:"", local:"abis"). Expected elements are <{}vendor>,<{}codename>,<{}base-extension>,<{}abi>,<{}api-level>,<{}extension-level>,<{}tag>
> Task :app:preBuild UP-TO-DATE
> Task :app:preDebugBuild UP-TO-DATE
> Task :app:mergeDebugNativeDebugMetadata NO-SOURCE
> Task :app:checkKotlinGradlePluginConfigurationErrors
> Task :app:generateDebugResValues
> Task :app:checkDebugAarMetadata
> Task :app:mapDebugSourceSetPaths
> Task :app:generateDebugResources
> Task :app:packageDebugResources
> Task :app:createDebugCompatibleScreenManifests
> Task :app:extractDeepLinksDebug
> Task :app:parseDebugLocalResources
> Task :app:mergeDebugResources
> Task :app:processDebugMainManifest
> Task :app:processDebugManifest
> Task :app:javaPreCompileDebug
> Task :app:mergeDebugShaders
> Task :app:compileDebugShaders NO-SOURCE
> Task :app:generateDebugAssets UP-TO-DATE
> Task :app:mergeDebugAssets
> Task :app:compressDebugAssets
> Task :app:desugarDebugFileDependencies
> Task :app:mergeDebugJniLibFolders
> Task :app:checkDebugDuplicateClasses
> Task :app:mergeDebugNativeLibs NO-SOURCE
> Task :app:processDebugManifestForPackage
> Task :app:mergeExtDexDebug
> Task :app:stripDebugDebugSymbols NO-SOURCE
> Task :app:mergeLibDexDebug
> Task :app:validateSigningDebug
> Task :app:writeDebugAppMetadata
> Task :app:writeDebugSigningConfigVersions
> Task :app:processDebugResources

> Task :app:compileDebugKotlin FAILED
e: file:///Users/dzlob/proj/personal/vc-android-world-clock/app/src/main/java/com/worldclock/data/datastore/TimezonePreferences.kt:59:33 Unresolved reference: removeAt
e: file:///Users/dzlob/proj/personal/vc-android-world-clock/app/src/main/java/com/worldclock/data/datastore/TimezonePreferences.kt:60:22 Unresolved reference: add
e: file:///Users/dzlob/proj/personal/vc-android-world-clock/app/src/main/java/com/worldclock/ui/screens/MainScreen.kt:75:65 Unresolved reference: dp
e: file:///Users/dzlob/proj/personal/vc-android-world-clock/app/src/main/java/com/worldclock/ui/screens/TimezonePickerScreen.kt:199:5 Unresolved reference: HorizontalDivider
e: file:///Users/dzlob/proj/personal/vc-android-world-clock/app/src/main/java/com/worldclock/widget/WorldClockWidget.kt:44:38 Unresolved reference: actionStartActivity
e: file:///Users/dzlob/proj/personal/vc-android-world-clock/app/src/main/java/com/worldclock/widget/WorldClockWidget.kt:63:33 None of the following functions can be called with the arguments supplied: 
public fun ColorProvider(color: Color): ColorProvider defined in androidx.glance.unit
public fun ColorProvider(resId: Int): ColorProvider defined in androidx.glance.unit
e: file:///Users/dzlob/proj/personal/vc-android-world-clock/app/src/main/java/com/worldclock/widget/WorldClockWidget.kt:84:37 None of the following functions can be called with the arguments supplied: 
public fun ColorProvider(color: Color): ColorProvider defined in androidx.glance.unit
public fun ColorProvider(resId: Int): ColorProvider defined in androidx.glance.unit
e: file:///Users/dzlob/proj/personal/vc-android-world-clock/app/src/main/java/com/worldclock/widget/WorldClockWidget.kt:119:33 None of the following functions can be called with the arguments supplied: 
public fun ColorProvider(color: Color): ColorProvider defined in androidx.glance.unit
public fun ColorProvider(resId: Int): ColorProvider defined in androidx.glance.unit

[Incubating] Problems report is available at: file:///Users/dzlob/proj/personal/vc-android-world-clock/build/reports/problems/problems-report.html

FAILURE: Build failed with an exception.

* What went wrong:
Execution failed for task ':app:compileDebugKotlin'.
> A failure occurred while executing org.jetbrains.kotlin.compilerRunner.GradleCompilerRunnerWithWorkers$GradleKotlinCompilerWorkAction
   > Compilation error. See log for more details

* Try:
> Run with --stacktrace option to get the stack trace.
> Run with --info or --debug option to get more log output.
> Run with --scan to get full insights.
> Get more help at https://help.gradle.org.

Deprecated Gradle features were used in this build, making it incompatible with Gradle 9.0.

You can use '--warning-mode all' to show the individual deprecation warnings and determine if they come from your own scripts or plugins.

For more on this, please refer to https://docs.gradle.org/8.13/userguide/command_line_interface.html#sec:command_line_warnings in the Gradle documentation.

BUILD FAILED in 1m 36s
26 actionable tasks: 26 executed
